[
  {
    "name": "VZUS opod",
    "timestamp": "2022-11-30_20:13:01",
    "vwap": 1666.67,
    "class": "medium",
    "rarity": "rare",
    "totalSupply": 1900,
    "currentPricingInUsdc": {
      "highestBid": 511,
      "lowestAsk": 533,
      "buyOrderNum": 12,
      "sellOrderNum": 7,
      "priceVsVwapPercentage": -68.68
    },
    "currentPricingInAtlas": {
      "highestBid": 12010,
      "highestBidConvertedToUsdc": 33.2677554,
      "lowestAsk": 218000,
      "lowestAskConvertedToUsdc": 603.86,
      "buyOrderNum": 23,
      "sellOrderNum": 1,
      "priceVsVwapPercentage": -80.89
    }
  },
  {
    "name": "Calico Guardian",
    "timestamp": "2022-11-30_20:13:01",
    "vwap": 30883.91,
    "class": "capital",
    "rarity": "legendary",
    "totalSupply": 235,
    "currentPricingInUsdc": {
      "highestBid": 5200,
      "lowestAsk": 6500,
      "buyOrderNum": 8,
      "sellOrderNum": 2,
      "priceVsVwapPercentage": -81.06
    },
    "currentPricingInAtlas": {
      "highestBid": 100000,
      "highestBidConvertedToUsdc": 277,
      "lowestAsk": null,
      "lowestAskConvertedToUsdc": null,
      "buyOrderNum": 17,
      "sellOrderNum": 0,
      "priceVsVwapPercentage": -99.1
    }
  },
  {
    "name": "Pearce F4",
    "timestamp": "2022-11-30_20:13:01",
    "vwap": 2840.35,
    "class": "medium",
    "rarity": "rare",
    "totalSupply": 2221,
    "currentPricingInUsdc": {
      "highestBid": 456,
      "lowestAsk": 599,
      "buyOrderNum": 16,
      "sellOrderNum": 4,
      "priceVsVwapPercentage": -81.43
    },
    "currentPricingInAtlas": {
      "highestBid": 60000,
      "highestBidConvertedToUsdc": 166.2,
      "lowestAsk": 249000,
      "lowestAskConvertedToUsdc": 689.7299723,
      "buyOrderNum": 14,
      "sellOrderNum": 5,
      "priceVsVwapPercentage": -84.93
    }
  },
  {
    "name": "Rainbow Om",
    "timestamp": "2022-11-30_20:13:01",
    "vwap": 2807.16,
    "class": "medium",
    "rarity": "epic",
    "totalSupply": 2200,
    "currentPricingInUsdc": {
      "highestBid": 491,
      "lowestAsk": 645,
      "buyOrderNum": 14,
      "sellOrderNum": 5,
      "priceVsVwapPercentage": -79.77
    },
    "currentPricingInAtlas": {
      "highestBid": 80000,
      "highestBidConvertedToUsdc": 221.60002769999997,
      "lowestAsk": 300000,
      "lowestAskConvertedToUsdc": 830.9999723,
      "buyOrderNum": 14,
      "sellOrderNum": 2,
      "priceVsVwapPercentage": -81.25
    }
  },
  {
    "name": "Pearce X5",
    "timestamp": "2022-11-30_20:13:01",
    "vwap": 140.48,
    "class": "x-small",
    "rarity": "uncommon",
    "totalSupply": 34214,
    "currentPricingInUsdc": {
      "highestBid": 27,
      "lowestAsk": 29.8,
      "buyOrderNum": 18,
      "sellOrderNum": 31,
      "priceVsVwapPercentage": -79.78
    },
    "currentPricingInAtlas": {
      "highestBid": 7001,
      "highestBidConvertedToUsdc": 19.39277,
      "lowestAsk": 9998,
      "lowestAskConvertedToUsdc": 27.69446,
      "buyOrderNum": 28,
      "sellOrderNum": 16,
      "priceVsVwapPercentage": -83.24
    }
  },
  {
    "name": "Fimbul BYOS Packlite",
    "timestamp": "2022-11-30_20:13:01",
    "vwap": 3513.13,
    "class": "medium",
    "rarity": "rare",
    "totalSupply": 1605,
    "currentPricingInUsdc": {
      "highestBid": 561,
      "lowestAsk": 665,
      "buyOrderNum": 15,
      "sellOrderNum": 6,
      "priceVsVwapPercentage": -82.55
    },
    "currentPricingInAtlas": {
      "highestBid": 5002,
      "highestBidConvertedToUsdc": 13.85554,
      "lowestAsk": null,
      "lowestAskConvertedToUsdc": null,
      "buyOrderNum": 12,
      "sellOrderNum": 0,
      "priceVsVwapPercentage": -99.61
    }
  },
  {
    "name": "Ogrika Thripid",
    "timestamp": "2022-11-30_20:13:01",
    "vwap": 8506.43,
    "class": "large",
    "rarity": "legendary",
    "totalSupply": 729,
    "currentPricingInUsdc": {
      "highestBid": 1410,
      "lowestAsk": 2500,
      "buyOrderNum": 8,
      "sellOrderNum": 8,
      "priceVsVwapPercentage": -77.02
    },
    "currentPricingInAtlas": {
      "highestBid": 71000,
      "highestBidConvertedToUsdc": 196.67,
      "lowestAsk": null,
      "lowestAskConvertedToUsdc": null,
      "buyOrderNum": 14,
      "sellOrderNum": 0,
      "priceVsVwapPercentage": -97.69
    }
  },
  {
    "name": "Calico Compakt Hero",
    "timestamp": "2022-11-30_20:13:01",
    "vwap": 3786.67,
    "class": "medium",
    "rarity": "rare",
    "totalSupply": 1233,
    "currentPricingInUsdc": {
      "highestBid": 601,
      "lowestAsk": 795,
      "buyOrderNum": 15,
      "sellOrderNum": 6,
      "priceVsVwapPercentage": -81.57
    },
    "currentPricingInAtlas": {
      "highestBid": 122222,
      "highestBidConvertedToUsdc": 338.55494,
      "lowestAsk": 288900,
      "lowestAskConvertedToUsdc": 800.2529999999999,
      "buyOrderNum": 22,
      "sellOrderNum": 4,
      "priceVsVwapPercentage": -84.96
    }
  },
  {
    "name": "VZUS ambwe",
    "timestamp": "2022-11-30_20:13:01",
    "vwap": 1200,
    "class": "small",
    "rarity": "rare",
    "totalSupply": 4800,
    "currentPricingInUsdc": {
      "highestBid": 151,
      "lowestAsk": 176,
      "buyOrderNum": 17,
      "sellOrderNum": 6,
      "priceVsVwapPercentage": -86.37
    },
    "currentPricingInAtlas": {
      "highestBid": 40000,
      "highestBidConvertedToUsdc": 110.8,
      "lowestAsk": 79980,
      "lowestAskConvertedToUsdc": 221.5446,
      "buyOrderNum": 22,
      "sellOrderNum": 10,
      "priceVsVwapPercentage": -86.15
    }
  },
  {
    "name": "Pearce X4",
    "timestamp": "2022-11-30_20:13:01",
    "vwap": 22.66,
    "class": "xx-small",
    "rarity": "common",
    "totalSupply": 128780,
    "currentPricingInUsdc": {
      "highestBid": 3.010999,
      "lowestAsk": 4.65,
      "buyOrderNum": 19,
      "sellOrderNum": 50,
      "priceVsVwapPercentage": -83.1
    },
    "currentPricingInAtlas": {
      "highestBid": 1101,
      "highestBidConvertedToUsdc": 3.04977,
      "lowestAsk": 1289,
      "lowestAskConvertedToUsdc": 3.5705299999999998,
      "buyOrderNum": 31,
      "sellOrderNum": 18,
      "priceVsVwapPercentage": -85.39
    }
  },
  {
    "name": "Opal Jetjet",
    "timestamp": "2022-11-30_20:13:01",
    "vwap": 308.91,
    "class": "x-small",
    "rarity": "uncommon",
    "totalSupply": 18812,
    "currentPricingInUsdc": {
      "highestBid": 35,
      "lowestAsk": 40.499,
      "buyOrderNum": 16,
      "sellOrderNum": 28,
      "priceVsVwapPercentage": -87.78
    },
    "currentPricingInAtlas": {
      "highestBid": 9000,
      "highestBidConvertedToUsdc": 24.93,
      "lowestAsk": 15494,
      "lowestAskConvertedToUsdc": 42.91838,
      "buyOrderNum": 20,
      "sellOrderNum": 18,
      "priceVsVwapPercentage": -89.02
    }
  },
  {
    "name": "Fimbul ECOS Greenader",
    "timestamp": "2022-11-30_20:13:01",
    "vwap": 8603.14,
    "class": "large",
    "rarity": "epic",
    "totalSupply": 772,
    "currentPricingInUsdc": {
      "highestBid": 1076,
      "lowestAsk": 1445,
      "buyOrderNum": 12,
      "sellOrderNum": 6,
      "priceVsVwapPercentage": -85.35
    },
    "currentPricingInAtlas": {
      "highestBid": 200000,
      "highestBidConvertedToUsdc": 554,
      "lowestAsk": 550000,
      "lowestAskConvertedToUsdc": 1523.5,
      "buyOrderNum": 14,
      "sellOrderNum": 2,
      "priceVsVwapPercentage": -87.93
    }
  },
  {
    "name": "Opal Jet",
    "timestamp": "2022-11-30_20:13:01",
    "vwap": 20,
    "class": "xx-small",
    "rarity": "common",
    "totalSupply": 129592,
    "currentPricingInUsdc": {
      "highestBid": 2.4,
      "lowestAsk": 2.63,
      "buyOrderNum": 14,
      "sellOrderNum": 48,
      "priceVsVwapPercentage": -87.42
    },
    "currentPricingInAtlas": {
      "highestBid": 950,
      "highestBidConvertedToUsdc": 2.631777,
      "lowestAsk": 1099,
      "lowestAskConvertedToUsdc": 3.043953,
      "buyOrderNum": 26,
      "sellOrderNum": 18,
      "priceVsVwapPercentage": -85.81
    }
  },
  {
    "name": "Pearce R8",
    "timestamp": "2022-11-30_20:13:01",
    "vwap": 11104.67,
    "class": "large",
    "rarity": "epic",
    "totalSupply": 1200,
    "currentPricingInUsdc": {
      "highestBid": 1550,
      "lowestAsk": 1695,
      "buyOrderNum": 8,
      "sellOrderNum": 8,
      "priceVsVwapPercentage": -85.39
    },
    "currentPricingInAtlas": {
      "highestBid": 110010,
      "highestBidConvertedToUsdc": 304.72769999999997,
      "lowestAsk": null,
      "lowestAskConvertedToUsdc": null,
      "buyOrderNum": 17,
      "sellOrderNum": 0,
      "priceVsVwapPercentage": -97.26
    }
  },
  {
    "name": "Pearce C9",
    "timestamp": "2022-11-30_20:13:01",
    "vwap": 31829.19,
    "class": "capital",
    "rarity": "legendary",
    "totalSupply": 190,
    "currentPricingInUsdc": {
      "highestBid": 4500,
      "lowestAsk": 17000,
      "buyOrderNum": 5,
      "sellOrderNum": 4,
      "priceVsVwapPercentage": -66.23
    },
    "currentPricingInAtlas": {
      "highestBid": 150000,
      "highestBidConvertedToUsdc": 415.5,
      "lowestAsk": null,
      "lowestAskConvertedToUsdc": null,
      "buyOrderNum": 7,
      "sellOrderNum": 0,
      "priceVsVwapPercentage": -98.69
    }
  },
  {
    "name": "Pearce C11",
    "timestamp": "2022-11-30_20:13:01",
    "vwap": 90090.83,
    "class": "Commander",
    "rarity": "legendary",
    "totalSupply": 130,
    "currentPricingInUsdc": {
      "highestBid": 6700,
      "lowestAsk": 23500,
      "buyOrderNum": 4,
      "sellOrderNum": 2,
      "priceVsVwapPercentage": -83.24
    },
    "currentPricingInAtlas": {
      "highestBid": 57801,
      "highestBidConvertedToUsdc": 160.10877,
      "lowestAsk": null,
      "lowestAskConvertedToUsdc": null,
      "buyOrderNum": 16,
      "sellOrderNum": 0,
      "priceVsVwapPercentage": -99.82
    }
  },
  {
    "name": "Ogrika Jod Asteris",
    "timestamp": "2022-11-30_20:13:01",
    "vwap": 30920.58,
    "class": "Capital",
    "rarity": "legendary",
    "totalSupply": 195,
    "currentPricingInUsdc": {
      "highestBid": 3190,
      "lowestAsk": 5700,
      "buyOrderNum": 4,
      "sellOrderNum": 1,
      "priceVsVwapPercentage": -85.62
    },
    "currentPricingInAtlas": {
      "highestBid": 66000,
      "highestBidConvertedToUsdc": 182.82,
      "lowestAsk": 2599000,
      "lowestAskConvertedToUsdc": 7199.23,
      "buyOrderNum": 9,
      "sellOrderNum": 2,
      "priceVsVwapPercentage": -88.06
    }
  },
  {
    "name": "Rainbow Chi",
    "timestamp": "2022-11-30_20:13:01",
    "vwap": 995,
    "class": "Small",
    "rarity": "epic",
    "totalSupply": 8000,
    "currentPricingInUsdc": {
      "highestBid": 130,
      "lowestAsk": 155,
      "buyOrderNum": 12,
      "sellOrderNum": 9,
      "priceVsVwapPercentage": -85.68
    },
    "currentPricingInAtlas": {
      "highestBid": 35105,
      "highestBidConvertedToUsdc": 97.24085,
      "lowestAsk": 63000,
      "lowestAskConvertedToUsdc": 174.51,
      "buyOrderNum": 9,
      "sellOrderNum": 5,
      "priceVsVwapPercentage": -86.34
    }
  },
  {
    "name": "Pearce X6",
    "timestamp": "2022-11-30_20:13:01",
    "vwap": 930,
    "class": "Small",
    "rarity": "rare",
    "totalSupply": 8000,
    "currentPricingInUsdc": {
      "highestBid": 120,
      "lowestAsk": 143,
      "buyOrderNum": 12,
      "sellOrderNum": 8,
      "priceVsVwapPercentage": -85.86
    },
    "currentPricingInAtlas": {
      "highestBid": 40000,
      "highestBidConvertedToUsdc": 110.8000027699723,
      "lowestAsk": 62700,
      "lowestAskConvertedToUsdc": 173.679,
      "buyOrderNum": 15,
      "sellOrderNum": 4,
      "priceVsVwapPercentage": -84.71
    }
  },
  {
    "name": "Fimbul BYOS Earp",
    "timestamp": "2022-11-30_20:13:01",
    "vwap": 895,
    "class": "Small",
    "rarity": "rare",
    "totalSupply": 8000,
    "currentPricingInUsdc": {
      "highestBid": 102.001,
      "lowestAsk": 125,
      "buyOrderNum": 13,
      "sellOrderNum": 19,
      "priceVsVwapPercentage": -87.32
    },
    "currentPricingInAtlas": {
      "highestBid": 35201,
      "highestBidConvertedToUsdc": 97.5067727699723,
      "lowestAsk": 49000,
      "lowestAskConvertedToUsdc": 135.73,
      "buyOrderNum": 8,
      "sellOrderNum": 4,
      "priceVsVwapPercentage": -86.97
    }
  },
  {
    "name": "Tufa Feist",
    "timestamp": "2022-11-30_20:13:01",
    "vwap": 795,
    "class": "Small",
    "rarity": "epic",
    "totalSupply": 7000,
    "currentPricingInUsdc": {
      "highestBid": 97.001,
      "lowestAsk": 109.9,
      "buyOrderNum": 20,
      "sellOrderNum": 13,
      "priceVsVwapPercentage": -86.99
    },
    "currentPricingInAtlas": {
      "highestBid": 35500,
      "highestBidConvertedToUsdc": 98.33500276997229,
      "lowestAsk": 48980,
      "lowestAskConvertedToUsdc": 135.6746,
      "buyOrderNum": 9,
      "sellOrderNum": 7,
      "priceVsVwapPercentage": -85.28
    }
  },
  {
    "name": "Calico Evac",
    "timestamp": "2022-11-30_20:13:01",
    "vwap": 2601.1,
    "class": "Medium",
    "rarity": "uncommon",
    "totalSupply": 1900,
    "currentPricingInUsdc": {
      "highestBid": 385,
      "lowestAsk": 449,
      "buyOrderNum": 13,
      "sellOrderNum": 5,
      "priceVsVwapPercentage": -83.97
    },
    "currentPricingInAtlas": {
      "highestBid": 75000,
      "highestBidConvertedToUsdc": 207.75,
      "lowestAsk": 215000,
      "lowestAskConvertedToUsdc": 595.55,
      "buyOrderNum": 16,
      "sellOrderNum": 2,
      "priceVsVwapPercentage": -84.56
    }
  },
  {
    "name": "Fimbul ECOS Bombarella",
    "timestamp": "2022-11-30_20:13:01",
    "vwap": 36563.69,
    "class": "Capital",
    "rarity": "legendary",
    "totalSupply": 210,
    "currentPricingInUsdc": {
      "highestBid": 4300,
      "lowestAsk": 4840,
      "buyOrderNum": 7,
      "sellOrderNum": 2,
      "priceVsVwapPercentage": -87.5
    },
    "currentPricingInAtlas": {
      "highestBid": 78000,
      "highestBidConvertedToUsdc": 216.06,
      "lowestAsk": 2999000,
      "lowestAskConvertedToUsdc": 8307.23,
      "buyOrderNum": 15,
      "sellOrderNum": 2,
      "priceVsVwapPercentage": -88.34
    }
  },
  {
    "name": "Fimbul ECOS Treearrow",
    "timestamp": "2022-11-30_20:13:01",
    "vwap": 105250,
    "class": "Commander",
    "rarity": "anomaly",
    "totalSupply": 110,
    "currentPricingInUsdc": {
      "highestBid": 7000,
      "lowestAsk": 24700,
      "buyOrderNum": 5,
      "sellOrderNum": 2,
      "priceVsVwapPercentage": -84.94
    },
    "currentPricingInAtlas": {
      "highestBid": 70401,
      "highestBidConvertedToUsdc": 195.01076999999998,
      "lowestAsk": null,
      "lowestAskConvertedToUsdc": null,
      "buyOrderNum": 16,
      "sellOrderNum": 0,
      "priceVsVwapPercentage": -99.81
    }
  },
  {
    "name": "Fimbul Airbike",
    "timestamp": "2022-11-30_20:13:01",
    "vwap": 16.5,
    "class": "XX-Small",
    "rarity": "common",
    "totalSupply": 375000,
    "currentPricingInUsdc": {
      "highestBid": 1.650999,
      "lowestAsk": 2.4,
      "buyOrderNum": 22,
      "sellOrderNum": 22,
      "priceVsVwapPercentage": -87.72
    },
    "currentPricingInAtlas": {
      "highestBid": 700,
      "highestBidConvertedToUsdc": 1.9389999999999998,
      "lowestAsk": 735,
      "lowestAskConvertedToUsdc": 2.0359499999999997,
      "buyOrderNum": 46,
      "sellOrderNum": 20,
      "priceVsVwapPercentage": -87.95
    }
  },
  {
    "name": "Ogrika Mik",
    "timestamp": "2022-11-30_20:13:01",
    "vwap": 770,
    "class": "small",
    "rarity": "rare",
    "totalSupply": 12000,
    "currentPricingInUsdc": {
      "highestBid": 130.101,
      "lowestAsk": 185,
      "buyOrderNum": 8,
      "sellOrderNum": 9,
      "priceVsVwapPercentage": -79.54
    },
    "currentPricingInAtlas": {
      "highestBid": 32500,
      "highestBidConvertedToUsdc": 90.02500277,
      "lowestAsk": 64000,
      "lowestAskConvertedToUsdc": 177.28,
      "buyOrderNum": 8,
      "sellOrderNum": 6,
      "priceVsVwapPercentage": -82.64
    }
  },
  {
    "name": "Fimbul ECOS Unibomba",
    "timestamp": "2022-11-30_20:13:01",
    "vwap": 35,
    "class": "xx-small",
    "rarity": "epic",
    "totalSupply": 275000,
    "currentPricingInUsdc": {
      "highestBid": 7.101,
      "lowestAsk": 12.4,
      "buyOrderNum": 12,
      "sellOrderNum": 15,
      "priceVsVwapPercentage": -72.14
    },
    "currentPricingInAtlas": {
      "highestBid": 2900,
      "highestBidConvertedToUsdc": 8.033307469999999,
      "lowestAsk": 3863,
      "lowestAskConvertedToUsdc": 10.7008701,
      "buyOrderNum": 26,
      "sellOrderNum": 1,
      "priceVsVwapPercentage": -73.24
    }
  },
  {
    "name": "Fimbul Lowbie",
    "timestamp": "2022-11-30_20:13:01",
    "vwap": 60,
    "class": "x-small",
    "rarity": "common",
    "totalSupply": 122000,
    "currentPricingInUsdc": {
      "highestBid": 17.01,
      "lowestAsk": 18.95,
      "buyOrderNum": 10,
      "sellOrderNum": 11,
      "priceVsVwapPercentage": -70.03
    },
    "currentPricingInAtlas": {
      "highestBid": 6200,
      "highestBidConvertedToUsdc": 17.1740277,
      "lowestAsk": 6595,
      "lowestAskConvertedToUsdc": 18.26815,
      "buyOrderNum": 22,
      "sellOrderNum": 4,
      "priceVsVwapPercentage": -70.46
    }
  },
  {
    "name": "Rainbow Arc",
    "timestamp": "2022-11-30_20:13:01",
    "vwap": 13721.4,
    "class": "large",
    "rarity": "epic",
    "totalSupply": 820,
    "currentPricingInUsdc": {
      "highestBid": 2180,
      "lowestAsk": 3999,
      "buyOrderNum": 6,
      "sellOrderNum": 6,
      "priceVsVwapPercentage": -77.48
    },
    "currentPricingInAtlas": {
      "highestBid": 12500,
      "highestBidConvertedToUsdc": 34.6250277,
      "lowestAsk": 1402318,
      "lowestAskConvertedToUsdc": 3884.4205275999725,
      "buyOrderNum": 10,
      "sellOrderNum": 2,
      "priceVsVwapPercentage": -85.72
    }
  },
  {
    "name": "Busan Thrill of Life",
    "timestamp": "2022-11-30_20:13:01",
    "vwap": 946,
    "class": "small",
    "rarity": "rare",
    "totalSupply": 12200,
    "currentPricingInUsdc": {
      "highestBid": 150.001,
      "lowestAsk": 250,
      "buyOrderNum": 9,
      "sellOrderNum": 6,
      "priceVsVwapPercentage": -78.86
    },
    "currentPricingInAtlas": {
      "highestBid": 701,
      "highestBidConvertedToUsdc": 1.9404404,
      "lowestAsk": 104415,
      "lowestAskConvertedToUsdc": 289.2295777,
      "buyOrderNum": 10,
      "sellOrderNum": 1,
      "priceVsVwapPercentage": -84.61
    }
  },
  {
    "name": "VZUS ballad",
    "timestamp": "2022-11-30_20:13:01",
    "vwap": 33286,
    "class": "capital",
    "rarity": "epic",
    "totalSupply": 380,
    "currentPricingInUsdc": {
      "highestBid": 3500,
      "lowestAsk": 6900,
      "buyOrderNum": 6,
      "sellOrderNum": 7,
      "priceVsVwapPercentage": -84.38
    },
    "currentPricingInAtlas": {
      "highestBid": 91000,
      "highestBidConvertedToUsdc": 252.07,
      "lowestAsk": 3795254,
      "lowestAskConvertedToUsdc": 10512.853192199998,
      "buyOrderNum": 12,
      "sellOrderNum": 2,
      "priceVsVwapPercentage": -83.83
    }
  },
  {
    "name": "Opal Bitboat",
    "timestamp": "2022-11-30_20:13:01",
    "vwap": 10728,
    "class": "large",
    "rarity": "epic",
    "totalSupply": 1600,
    "currentPricingInUsdc": {
      "highestBid": 1405,
      "lowestAsk": 2790,
      "buyOrderNum": 5,
      "sellOrderNum": 5,
      "priceVsVwapPercentage": -80.45
    },
    "currentPricingInAtlas": {
      "highestBid": 41000,
      "highestBidConvertedToUsdc": 113.57,
      "lowestAsk": 1112583,
      "lowestAskConvertedToUsdc": 3081.8543006,
      "buyOrderNum": 10,
      "sellOrderNum": 2,
      "priceVsVwapPercentage": -85.11
    }
  },
  {
    "name": "Calico Medtech",
    "timestamp": "2022-11-30_20:13:01",
    "vwap": 942.8,
    "class": "small",
    "rarity": "uncommon",
    "totalSupply": 14440,
    "currentPricingInUsdc": {
      "highestBid": 150,
      "lowestAsk": 295.999,
      "buyOrderNum": 11,
      "sellOrderNum": 10,
      "priceVsVwapPercentage": -76.35
    },
    "currentPricingInAtlas": {
      "highestBid": 40010,
      "highestBidConvertedToUsdc": 110.82800746997229,
      "lowestAsk": 89999,
      "lowestAskConvertedToUsdc": 249.29722999999998,
      "buyOrderNum": 11,
      "sellOrderNum": 4,
      "priceVsVwapPercentage": -80.9
    }
  },
  {
    "name": "Calico ATS Enforcer",
    "timestamp": "2022-11-30_20:13:01",
    "vwap": 2423,
    "class": "medium",
    "rarity": "uncommon",
    "totalSupply": 5200,
    "currentPricingInUsdc": {
      "highestBid": 460,
      "lowestAsk": 515,
      "buyOrderNum": 16,
      "sellOrderNum": 6,
      "priceVsVwapPercentage": -79.88
    },
    "currentPricingInAtlas": {
      "highestBid": 65100,
      "highestBidConvertedToUsdc": 180.327,
      "lowestAsk": 245000,
      "lowestAskConvertedToUsdc": 678.65,
      "buyOrderNum": 27,
      "sellOrderNum": 4,
      "priceVsVwapPercentage": -82.27
    }
  },
  {
    "name": "Pearce R6",
    "timestamp": "2022-11-30_20:13:01",
    "vwap": 1091.8,
    "class": "small",
    "rarity": "uncommon",
    "totalSupply": 11200,
    "currentPricingInUsdc": {
      "highestBid": 131,
      "lowestAsk": 650,
      "buyOrderNum": 6,
      "sellOrderNum": 3,
      "priceVsVwapPercentage": -64.23
    },
    "currentPricingInAtlas": {
      "highestBid": 25001,
      "highestBidConvertedToUsdc": 69.251385,
      "lowestAsk": 116998,
      "lowestAskConvertedToUsdc": 324.0838783,
      "buyOrderNum": 11,
      "sellOrderNum": 2,
      "priceVsVwapPercentage": -81.99
    }
  },
  {
    "name": "Busan Maiden Heart",
    "timestamp": "2022-11-30_20:13:01",
    "vwap": 32585.75,
    "class": "capital",
    "rarity": "legendary",
    "totalSupply": 375,
    "currentPricingInUsdc": {
      "highestBid": 2603,
      "lowestAsk": 29300,
      "buyOrderNum": 3,
      "sellOrderNum": 3,
      "priceVsVwapPercentage": -51.05
    },
    "currentPricingInAtlas": {
      "highestBid": 125000,
      "highestBidConvertedToUsdc": 346.25,
      "lowestAsk": 3233996,
      "lowestAskConvertedToUsdc": 8958.1677566,
      "buyOrderNum": 13,
      "sellOrderNum": 3,
      "priceVsVwapPercentage": -85.72
    }
  },
  {
    "name": "Ogrika Tursic",
    "timestamp": "2022-11-30_20:13:01",
    "vwap": 2772,
    "class": "medium",
    "rarity": "epic",
    "totalSupply": 4400,
    "currentPricingInUsdc": {
      "highestBid": 350.001,
      "lowestAsk": 2475,
      "buyOrderNum": 7,
      "sellOrderNum": 2,
      "priceVsVwapPercentage": -49.04
    },
    "currentPricingInAtlas": {
      "highestBid": 15001,
      "highestBidConvertedToUsdc": 41.551384999999996,
      "lowestAsk": 273179,
      "lowestAskConvertedToUsdc": 756.7053037,
      "buyOrderNum": 12,
      "sellOrderNum": 2,
      "priceVsVwapPercentage": -85.6
    }
  },
  {
    "name": "Fimbul Mamba",
    "timestamp": "2022-11-30_20:13:01",
    "vwap": 1881,
    "class": "medium",
    "rarity": "uncommon",
    "totalSupply": 5900,
    "currentPricingInUsdc": {
      "highestBid": 310.001,
      "lowestAsk": 1774.5,
      "buyOrderNum": 9,
      "sellOrderNum": 4,
      "priceVsVwapPercentage": -44.59
    },
    "currentPricingInAtlas": {
      "highestBid": 60000,
      "highestBidConvertedToUsdc": 166.198615,
      "lowestAsk": 195916,
      "lowestAskConvertedToUsdc": 542.6876246999999,
      "buyOrderNum": 9,
      "sellOrderNum": 2,
      "priceVsVwapPercentage": -81.16
    }
  },
  {
    "name": "VZUS solos",
    "timestamp": "2022-11-30_20:13:01",
    "vwap": 20,
    "class": "xx-small",
    "rarity": "common",
    "totalSupply": 315000,
    "currentPricingInUsdc": {
      "highestBid": 6.011,
      "lowestAsk": 7.9,
      "buyOrderNum": 8,
      "sellOrderNum": 11,
      "priceVsVwapPercentage": -65.22
    },
    "currentPricingInAtlas": {
      "highestBid": 2050,
      "highestBidConvertedToUsdc": 5.6785,
      "lowestAsk": 2208,
      "lowestAskConvertedToUsdc": 6.1148027,
      "buyOrderNum": 13,
      "sellOrderNum": 1,
      "priceVsVwapPercentage": -70.52
    }
  },
  {
    "name": "Fimbul BYOS Tankship",
    "timestamp": "2022-11-30_20:13:01",
    "vwap": 102118.42,
    "class": "commander",
    "rarity": "legendary",
    "totalSupply": 190,
    "currentPricingInUsdc": {
      "highestBid": 1250,
      "lowestAsk": 97500,
      "buyOrderNum": 6,
      "sellOrderNum": 2,
      "priceVsVwapPercentage": -51.65
    },
    "currentPricingInAtlas": {
      "highestBid": 10001,
      "highestBidConvertedToUsdc": 27.702769999999997,
      "lowestAsk": 10761589,
      "lowestAskConvertedToUsdc": 29809.6026934,
      "buyOrderNum": 26,
      "sellOrderNum": 2,
      "priceVsVwapPercentage": -85.39
    }
  },
  {
    "name": "Ogrika Sunpaa",
    "timestamp": "2022-11-30_20:13:01",
    "vwap": 10176,
    "class": "large",
    "rarity": "epic",
    "totalSupply": 1400,
    "currentPricingInUsdc": {
      "highestBid": 1200,
      "lowestAsk": 9600,
      "buyOrderNum": 7,
      "sellOrderNum": 2,
      "priceVsVwapPercentage": -46.93
    },
    "currentPricingInAtlas": {
      "highestBid": 75000,
      "highestBidConvertedToUsdc": 207.75,
      "lowestAsk": 1247726,
      "lowestAskConvertedToUsdc": 3456.1996627,
      "buyOrderNum": 14,
      "sellOrderNum": 2,
      "priceVsVwapPercentage": -82
    }
  },
  {
    "name": "Pearce D9",
    "timestamp": "2022-11-30_20:13:01",
    "vwap": 31043.48,
    "class": "capital",
    "rarity": "legendary",
    "totalSupply": 460,
    "currentPricingInUsdc": {
      "highestBid": 1011,
      "lowestAsk": 30000,
      "buyOrderNum": 6,
      "sellOrderNum": 2,
      "priceVsVwapPercentage": -50.05
    },
    "currentPricingInAtlas": {
      "highestBid": 20000,
      "highestBidConvertedToUsdc": 55.4,
      "lowestAsk": 4153399,
      "lowestAskConvertedToUsdc": 11504.9148422,
      "buyOrderNum": 15,
      "sellOrderNum": 2,
      "priceVsVwapPercentage": -81.38
    }
  }
]
